2026-09-11T09:37:35Z INF Thank you for trying Cloudflare Tunnel. Doing so, without a Cloudflare account, is a quick way to experiment and try it out. However, be aware that these account-less Tunnels have no uptime guarantee, are subject to the Cloudflare Online Services Terms of Use (https://www.cloudflare.com/website-terms/), and Cloudflare reserves the right to investigate your use of Tunnels for violations of such terms. If you intend to use Tunnels in production you should use a pre-created named tunnel by following: https://developers.cloudflare.com/cloudflare-one/connections/connect-apps
2026-09-11T09:37:35Z INF Requesting new quick Tunnel on trycloudflare.com...
2026-09-11T09:37:38Z INF +--------------------------------------------------------------------------------------------+
2026-09-11T09:37:38Z INF |  Your quick Tunnel has been created! Visit it at (it may take some time to be reachable):  |
2026-09-11T09:37:38Z INF |  https://composer-republicans-position-society.trycloudflare.com                           |
2026-09-11T09:37:38Z INF +--------------------------------------------------------------------------------------------+
2026-09-11T09:37:38Z INF Cannot determine default configuration path. No file [config.yml config.yaml] in [~/.cloudflared ~/.cloudflare-warp ~/cloudflare-warp /etc/cloudflared /usr/local/etc/cloudflared]
2026-09-11T09:37:38Z INF Version 2026.9.0 (Checksum 6e3b57ef646f8b22cfa1f58bc98dc2df8c8bf4d056db8cef56ad8b400e7bf95b)
2026-09-11T09:37:38Z INF GOOS: darwin, GOVersion: go1.27.1, GoArch: arm64
2026-09-11T09:37:38Z INF Settings: map[ha-connections:1 protocol:quic url:http://localhost:8000]
2026-09-11T09:37:38Z INF cloudflared will not automatically update if installed by a package manager.
2026-09-11T09:37:48Z ERR Failed to fetch features, default to disable error="lookup cfd-features.argotunnel.com on 205.171.3.25:53: dial udp 205.171.3.25:53: i/o timeout"
2026-09-11T09:37:48Z INF Generated Connector ID: dcadec20-48fc-4c23-9b5b-053ebed39f9a
2026-09-11T09:37:48Z INF Initial protocol quic
2026-09-11T09:37:48Z INF ICMP proxy will use 192.168.0.71 as source for IPv4
2026-09-11T09:37:48Z INF ICMP proxy will use fe80::83e:ffc0:daf6:bb7c in zone en0 as source for IPv6
2026-09-11T09:37:48Z INF Created ICMP proxy listening on 192.168.0.71:0
2026-09-11T09:38:28Z INF +------------------------------------------------------------------------------------------------------------------------------------------------------------------+
2026-09-11T09:38:28Z INF |                                                                     CONNECTIVITY PRE-CHECKS                                                                      |
2026-09-11T09:38:28Z INF +------------------------------------------------------------------------------------------------------------------------------------------------------------------+
2026-09-11T09:38:28Z INF |  COMPONENT         TARGET                     STATUS  DETAILS                                                                                                    |
2026-09-11T09:38:28Z INF |  DNS Resolution    region1.v2.argotunnel.com  PASS    DNS Resolved successfully                                                                                  |
2026-09-11T09:38:28Z INF |  DNS Resolution    region2.v2.argotunnel.com  PASS    DNS Resolved successfully                                                                                  |
2026-09-11T09:38:28Z INF |  UDP Connectivity  region1.v2.argotunnel.com  FAIL    QUIC connection failed                                                                                     |
2026-09-11T09:38:28Z INF |  UDP Connectivity  region2.v2.argotunnel.com  FAIL    QUIC connection failed                                                                                     |
2026-09-11T09:38:28Z INF |  TCP Connectivity  region1.v2.argotunnel.com  FAIL    HTTP/2 connection is blocked or unreachable                                                                |
2026-09-11T09:38:28Z INF |  TCP Connectivity  region2.v2.argotunnel.com  FAIL    HTTP/2 connection is blocked or unreachable                                                                |
2026-09-11T09:38:28Z INF |  Cloudflare API    api.cloudflare.com:443     FAIL    API Connection failed                                                                                      |
2026-09-11T09:38:28Z INF |  ERROR: Allow outbound QUIC traffic on port 7844 or use HTTP2.                                                                                                   |
2026-09-11T09:38:28Z INF |  ERROR: Allow outbound QUIC traffic on port 7844 or use HTTP2.                                                                                                   |
2026-09-11T09:38:28Z INF |  ERROR: Allow outbound TCP on port 7844.                                                                                                                         |
2026-09-11T09:38:28Z INF |  ERROR: Allow outbound TCP on port 7844.                                                                                                                         |
2026-09-11T09:38:28Z INF |  ERROR: cloudflared will still run, but automatic software updates are unavailable. Ensure port 443 TCP to api.cloudflare.com is open if you want auto-updates.  |
2026-09-11T09:38:28Z INF |                                                                                                                                                                  |
2026-09-11T09:38:28Z INF |  SUMMARY: Environment has critical failures. cloudflared may not be able to establish a tunnel.                                                                  |
2026-09-11T09:38:28Z INF +------------------------------------------------------------------------------------------------------------------------------------------------------------------+
2026-09-11T09:38:28Z INF precheck component="DNS Resolution" details="DNS Resolved successfully" run_id=50df9638-71d9-49a9-8e56-9c5e428d26d6 status=pass target=region1.v2.argotunnel.com
2026-09-11T09:38:28Z INF precheck component="DNS Resolution" details="DNS Resolved successfully" run_id=50df9638-71d9-49a9-8e56-9c5e428d26d6 status=pass target=region2.v2.argotunnel.com
2026-09-11T09:38:28Z INF precheck component="UDP Connectivity" details="QUIC connection failed" run_id=50df9638-71d9-49a9-8e56-9c5e428d26d6 status=fail target=region1.v2.argotunnel.com
2026-09-11T09:38:28Z INF precheck component="UDP Connectivity" details="QUIC connection failed" run_id=50df9638-71d9-49a9-8e56-9c5e428d26d6 status=fail target=region2.v2.argotunnel.com
2026-09-11T09:38:28Z INF precheck component="TCP Connectivity" details="HTTP/2 connection is blocked or unreachable" run_id=50df9638-71d9-49a9-8e56-9c5e428d26d6 status=fail target=region1.v2.argotunnel.com
2026-09-11T09:38:28Z INF precheck component="TCP Connectivity" details="HTTP/2 connection is blocked or unreachable" run_id=50df9638-71d9-49a9-8e56-9c5e428d26d6 status=fail target=region2.v2.argotunnel.com
2026-09-11T09:38:28Z INF precheck component="Cloudflare API" details="API Connection failed" run_id=50df9638-71d9-49a9-8e56-9c5e428d26d6 status=fail target=api.cloudflare.com:443
2026-09-11T09:38:28Z INF precheck complete hard_fail=true run_id=50df9638-71d9-49a9-8e56-9c5e428d26d6
2026-09-11T09:38:28Z INF ICMP proxy will use 192.168.0.71 as source for IPv4
2026-09-11T09:38:28Z INF ICMP proxy will use fe80::83e:ffc0:daf6:bb7c in zone en0 as source for IPv6
2026-09-11T09:38:28Z INF Starting metrics server on 127.0.0.1:20241/metrics
2026-09-11T09:38:33Z INF Tunnel connection curve preferences: [X25519MLKEM768 CurveID(65074) CurveP256] connIndex=0 event=0 ip=198.41.192.7
2026-09-11T09:38:33Z INF Registered tunnel connection connIndex=0 connection=e7d4acf5-e5f8-4966-8ad1-0732485430d4 event=0 ip=198.41.192.7 location=sea01 protocol=quic
2026-09-11T09:43:38Z ERR Failed to refresh DNS local resolver error="lookup region1.v2.argotunnel.com: i/o timeout"
2026-09-11T09:48:43Z ERR Failed to refresh DNS local resolver error="lookup region1.v2.argotunnel.com: i/o timeout"
2026-09-11T10:03:48Z ERR Failed to refresh DNS local resolver error="lookup region1.v2.argotunnel.com: i/o timeout"
2026-09-11T10:08:53Z ERR Failed to refresh DNS local resolver error="lookup region1.v2.argotunnel.com: i/o timeout"
2026-09-11T10:13:58Z ERR Failed to refresh DNS local resolver error="lookup region1.v2.argotunnel.com: i/o timeout"
2026-09-11T10:44:03Z ERR Failed to refresh DNS local resolver error="lookup region1.v2.argotunnel.com: i/o timeout"
2026-09-11T10:59:08Z ERR Failed to refresh DNS local resolver error="lookup region1.v2.argotunnel.com: i/o timeout"
2026-09-11T11:04:13Z ERR Failed to refresh DNS local resolver error="lookup region1.v2.argotunnel.com: i/o timeout"
2026-09-11T11:34:19Z ERR Failed to refresh DNS local resolver error="lookup region1.v2.argotunnel.com: i/o timeout"
2026-09-11T11:44:24Z ERR Failed to refresh DNS local resolver error="lookup region1.v2.argotunnel.com: i/o timeout"
2026-09-11T11:54:29Z ERR Failed to refresh DNS local resolver error="lookup region1.v2.argotunnel.com: i/o timeout"
2026-09-11T12:04:34Z ERR Failed to refresh DNS local resolver error="lookup region1.v2.argotunnel.com: i/o timeout"
2026-09-11T12:14:39Z ERR Failed to refresh DNS local resolver error="lookup region1.v2.argotunnel.com: i/o timeout"
2026-09-11T12:19:44Z ERR Failed to refresh DNS local resolver error="lookup region1.v2.argotunnel.com: i/o timeout"
2026-09-11T12:34:49Z ERR Failed to refresh DNS local resolver error="lookup region1.v2.argotunnel.com: i/o timeout"
2026-09-11T12:37:58Z ERR Failed to refresh feature selector error="lookup cfd-features.argotunnel.com on 205.171.3.25:53: dial udp 205.171.3.25:53: i/o timeout"
2026-09-11T12:44:54Z ERR Failed to refresh DNS local resolver error="lookup region1.v2.argotunnel.com: i/o timeout"
2026-09-11T12:59:59Z ERR Failed to refresh DNS local resolver error="lookup region1.v2.argotunnel.com: i/o timeout"
2026-09-11T13:05:04Z ERR Failed to refresh DNS local resolver error="lookup region1.v2.argotunnel.com: i/o timeout"
2026-09-11T13:10:09Z ERR Failed to refresh DNS local resolver error="lookup region1.v2.argotunnel.com: i/o timeout"
2026-09-11T13:35:14Z ERR Failed to refresh DNS local resolver error="lookup region1.v2.argotunnel.com: i/o timeout"
2026-09-11T13:37:58Z ERR Failed to refresh feature selector error="lookup cfd-features.argotunnel.com on 205.171.3.25:53: dial udp 205.171.3.25:53: i/o timeout"
2026-09-11T13:50:19Z ERR Failed to refresh DNS local resolver error="lookup region1.v2.argotunnel.com: i/o timeout"
2026-09-11T14:00:24Z ERR Failed to refresh DNS local resolver error="lookup region1.v2.argotunnel.com: i/o timeout"
2026-09-11T14:15:29Z ERR Failed to refresh DNS local resolver error="lookup region1.v2.argotunnel.com: i/o timeout"
2026-09-11T14:20:34Z ERR Failed to refresh DNS local resolver error="lookup region1.v2.argotunnel.com: i/o timeout"
